The system is: Darwin - 25.5.0 - arm64
Compiling the C compiler identification source file "CMakeCCompilerId.c" succeeded.
Compiler: /Applications/Xcode.app/Contents/Developer/Toolchains/XcodeDefault.xctoolchain/usr/bin/cc 
Build flags: 
Id flags: -c 

The output was:
0


Compilation of the C compiler identification source "CMakeCCompilerId.c" produced "CMakeCCompilerId.o"

The C compiler identification is AppleClang, found in "/Users/sawyerchristensen/Documents/Prism/Vendor/.build/CMakeFiles/3.25.2/CompilerIdC/CMakeCCompilerId.o"

Compiling the CXX compiler identification source file "CMakeCXXCompilerId.cpp" succeeded.
Compiler: /Applications/Xcode.app/Contents/Developer/Toolchains/XcodeDefault.xctoolchain/usr/bin/c++ 
Build flags: 
Id flags: -c 

The output was:
0


Compilation of the CXX compiler identification source "CMakeCXXCompilerId.cpp" produced "CMakeCXXCompilerId.o"

The CXX compiler identification is AppleClang, found in "/Users/sawyerchristensen/Documents/Prism/Vendor/.build/CMakeFiles/3.25.2/CompilerIdCXX/CMakeCXXCompilerId.o"

Detecting C compiler ABI info compiled with the following output:
Change Dir: /Users/sawyerchristensen/Documents/Prism/Vendor/.build/CMakeFiles/CMakeScratch/TryCompile-whmmRp

Run Build Command(s):/usr/bin/make -f Makefile cmTC_1d0a2/fast && /Applications/Xcode.app/Contents/Developer/usr/bin/make  -f CMakeFiles/cmTC_1d0a2.dir/build.make CMakeFiles/cmTC_1d0a2.dir/build
Building C object CMakeFiles/cmTC_1d0a2.dir/CMakeCCompilerABI.c.o
/Applications/Xcode.app/Contents/Developer/Toolchains/XcodeDefault.xctoolchain/usr/bin/cc   -arch arm64 -isysroot /Applications/Xcode.app/Contents/Developer/Platforms/MacOSX.platform/Developer/SDKs/MacOSX26.5.sdk -mmacosx-version-min=14.4 -fPIE   -v -Wl,-v -MD -MT CMakeFiles/cmTC_1d0a2.dir/CMakeCCompilerABI.c.o -MF CMakeFiles/cmTC_1d0a2.dir/CMakeCCompilerABI.c.o.d -o CMakeFiles/cmTC_1d0a2.dir/CMakeCCompilerABI.c.o -c /opt/homebrew/Cellar/cmake/3.25.2/share/cmake/Modules/CMakeCCompilerABI.c
Apple clang version 21.0.0 (clang-2100.1.1.101)
Target: arm64-apple-darwin25.5.0
Thread model: posix
InstalledDir: /Applications/Xcode.app/Contents/Developer/Toolchains/XcodeDefault.xctoolchain/usr/bin
cc: warning: -Wl,-v: 'linker' input unused [-Wunused-command-line-argument]
 "/Applications/Xcode.app/Contents/Developer/Toolchains/XcodeDefault.xctoolchain/usr/bin/clang" -cc1 -triple arm64-apple-macosx14.4.0 -Wundef-prefix=TARGET_OS_ -Wdeprecated-objc-isa-usage -Werror=deprecated-objc-isa-usage -Werror=implicit-function-declaration -emit-obj -disable-free -clear-ast-before-backend -disable-llvm-verifier -discard-value-names -main-file-name CMakeCCompilerABI.c -mrelocation-model pic -pic-level 2 -mframe-pointer=non-leaf -fno-strict-return -ffp-contract=on -fno-rounding-math -funwind-tables=1 -fobjc-msgsend-selector-stubs -fno-sized-deallocation -target-sdk-version=26.5 -fvisibility-inlines-hidden-static-local-var -fno-modulemap-allow-subdirectory-search -fdefine-target-os-macros -fno-assume-unique-vtables -fno-modulemap-allow-subdirectory-search -enable-tlsdesc -target-cpu apple-m1 -target-feature +v8.5a -target-feature +aes -target-feature +altnzcv -target-feature +ccdp -target-feature +ccpp -target-feature +complxnum -target-feature +crc -target-feature +dotprod -target-feature +flagm -target-feature +fp-armv8 -target-feature +fp16fml -target-feature +fptoint -target-feature +fullfp16 -target-feature +jsconv -target-feature +lse -target-feature +neon -target-feature +pauth -target-feature +perfmon -target-feature +predres -target-feature +ras -target-feature +rcpc -target-feature +rdm -target-feature +sb -target-feature +sha2 -target-feature +sha3 -target-feature +specrestrict -target-feature +ssbs -target-abi darwinpcs -debugger-tuning=lldb -fdebug-compilation-dir=/Users/sawyerchristensen/Documents/Prism/Vendor/.build/CMakeFiles/CMakeScratch/TryCompile-whmmRp -target-linker-version 1267 -v -fcoverage-compilation-dir=/Users/sawyerchristensen/Documents/Prism/Vendor/.build/CMakeFiles/CMakeScratch/TryCompile-whmmRp -resource-dir /Applications/Xcode.app/Contents/Developer/Toolchains/XcodeDefault.xctoolchain/usr/lib/clang/21 -dependency-file CMakeFiles/cmTC_1d0a2.dir/CMakeCCompilerABI.c.o.d -skip-unused-modulemap-deps -MT CMakeFiles/cmTC_1d0a2.dir/CMakeCCompilerABI.c.o -sys-header-deps -isysroot /Applications/Xcode.app/Contents/Developer/Platforms/MacOSX.platform/Developer/SDKs/MacOSX26.5.sdk -internal-isystem /Applications/Xcode.app/Contents/Developer/Platforms/MacOSX.platform/Developer/SDKs/MacOSX26.5.sdk/usr/local/include -internal-isystem /Applications/Xcode.app/Contents/Developer/Toolchains/XcodeDefault.xctoolchain/usr/lib/clang/21/include -internal-externc-isystem /Applications/Xcode.app/Contents/Developer/Platforms/MacOSX.platform/Developer/SDKs/MacOSX26.5.sdk/usr/include -internal-externc-isystem /Applications/Xcode.app/Contents/Developer/Toolchains/XcodeDefault.xctoolchain/usr/include -internal-iframework /Applications/Xcode.app/Contents/Developer/Platforms/MacOSX.platform/Developer/SDKs/MacOSX26.5.sdk/System/Library/Frameworks -internal-iframework /Applications/Xcode.app/Contents/Developer/Platforms/MacOSX.platform/Developer/SDKs/MacOSX26.5.sdk/System/Library/SubFrameworks -internal-iframework /Applications/Xcode.app/Contents/Developer/Platforms/MacOSX.platform/Developer/SDKs/MacOSX26.5.sdk/Library/Frameworks -Wno-elaborated-enum-base -ferror-limit 19 -stack-protector 1 -fstack-check -mdarwin-stkchk-strong-link -fblocks -fencode-extended-block-signature -fregister-global-dtors-with-atexit -fgnuc-version=4.2.1 -fskip-odr-check-in-gmf -fmax-type-align=16 -fcommon -clang-vendor-feature=+disableNonDependentMemberExprInCurrentInstantiation -fno-odr-hash-protocols -clang-vendor-feature=+enableAggressiveVLAFolding -clang-vendor-feature=+revert09abecef7bbf -clang-vendor-feature=+thisNoAlignAttr -clang-vendor-feature=+thisNoNullAttr -clang-vendor-feature=+disableAtImportPrivateFrameworkInImplementationError -Wno-error=allocator-wrappers -fdwarf2-cfi-asm -o CMakeFiles/cmTC_1d0a2.dir/CMakeCCompilerABI.c.o -x c /opt/homebrew/Cellar/cmake/3.25.2/share/cmake/Modules/CMakeCCompilerABI.c
clang -cc1 version 21.0.0 (clang-2100.1.1.101) default target arm64-apple-darwin25.5.0
ignoring nonexistent directory "/Applications/Xcode.app/Contents/Developer/Platforms/MacOSX.platform/Developer/SDKs/MacOSX26.5.sdk/usr/local/include"
ignoring nonexistent directory "/Applications/Xcode.app/Contents/Developer/Platforms/MacOSX.platform/Developer/SDKs/MacOSX26.5.sdk/Library/Frameworks"
#include "..." search starts here:
#include <...> search starts here:
 /Applications/Xcode.app/Contents/Developer/Toolchains/XcodeDefault.xctoolchain/usr/lib/clang/21/include
 /Applications/Xcode.app/Contents/Developer/Platforms/MacOSX.platform/Developer/SDKs/MacOSX26.5.sdk/usr/include
 /Applications/Xcode.app/Contents/Developer/Toolchains/XcodeDefault.xctoolchain/usr/include
 /Applications/Xcode.app/Contents/Developer/Platforms/MacOSX.platform/Developer/SDKs/MacOSX26.5.sdk/System/Library/Frameworks (framework directory)
 /Applications/Xcode.app/Contents/Developer/Platforms/MacOSX.platform/Developer/SDKs/MacOSX26.5.sdk/System/Library/SubFrameworks (framework directory)
End of search list.
Linking C executable cmTC_1d0a2
/opt/homebrew/Cellar/cmake/3.25.2/bin/cmake -E cmake_link_script CMakeFiles/cmTC_1d0a2.dir/link.txt --verbose=1
/Applications/Xcode.app/Contents/Developer/Toolchains/XcodeDefault.xctoolchain/usr/bin/cc  -arch arm64 -isysroot /Applications/Xcode.app/Contents/Developer/Platforms/MacOSX.platform/Developer/SDKs/MacOSX26.5.sdk -mmacosx-version-min=14.4 -Wl,-search_paths_first -Wl,-headerpad_max_install_names  -v -Wl,-v CMakeFiles/cmTC_1d0a2.dir/CMakeCCompilerABI.c.o -o cmTC_1d0a2 
Apple clang version 21.0.0 (clang-2100.1.1.101)
Target: arm64-apple-darwin25.5.0
Thread model: posix
InstalledDir: /Applications/Xcode.app/Contents/Developer/Toolchains/XcodeDefault.xctoolchain/usr/bin
 "/Applications/Xcode.app/Contents/Developer/Toolchains/XcodeDefault.xctoolchain/usr/bin/ld" -demangle -lto_library /Applications/Xcode.app/Contents/Developer/Toolchains/XcodeDefault.xctoolchain/usr/lib/libLTO.dylib -dynamic -arch arm64 -platform_version macos 14.4.0 26.5 -syslibroot /Applications/Xcode.app/Contents/Developer/Platforms/MacOSX.platform/Developer/SDKs/MacOSX26.5.sdk -mllvm -enable-linkonceodr-outlining -o cmTC_1d0a2 -search_paths_first -headerpad_max_install_names -v CMakeFiles/cmTC_1d0a2.dir/CMakeCCompilerABI.c.o -lSystem /Applications/Xcode.app/Contents/Developer/Toolchains/XcodeDefault.xctoolchain/usr/lib/clang/21/lib/darwin/libclang_rt.osx.a
@(#)PROGRAM:ld PROJECT:ld-1267
BUILD 16:38:58 Jun  8 2026
configured to support archs: armv6 armv7 armv7s arm64 arm64e arm64_32 i386 x86_64 x86_64h armv6m armv7k armv7m armv7em armv8m.main armv8.1m.main
will use ld-classic for: armv6 armv7 armv7s i386 armv6m armv7k armv7m armv7em
LTO support using: LLVM version 21.0.0 (static support for 30, runtime is 30)
TAPI support using: Apple TAPI version 21.0.0 (tapi-2100.0.2.6)
Library search paths:
	/Applications/Xcode.app/Contents/Developer/Platforms/MacOSX.platform/Developer/SDKs/MacOSX26.5.sdk/usr/lib
	/Applications/Xcode.app/Contents/Developer/Platforms/MacOSX.platform/Developer/SDKs/MacOSX26.5.sdk/usr/lib/swift
Framework search paths:
	/Applications/Xcode.app/Contents/Developer/Platforms/MacOSX.platform/Developer/SDKs/MacOSX26.5.sdk/System/Library/Frameworks



Parsed C implicit include dir info from above output: rv=done
  found start of include info
  found start of implicit include info
    add: [/Applications/Xcode.app/Contents/Developer/Toolchains/XcodeDefault.xctoolchain/usr/lib/clang/21/include]
    add: [/Applications/Xcode.app/Contents/Developer/Platforms/MacOSX.platform/Developer/SDKs/MacOSX26.5.sdk/usr/include]
    add: [/Applications/Xcode.app/Contents/Developer/Toolchains/XcodeDefault.xctoolchain/usr/include]
  end of search list found
  collapse include dir [/Applications/Xcode.app/Contents/Developer/Toolchains/XcodeDefault.xctoolchain/usr/lib/clang/21/include] ==> [/Applications/Xcode.app/Contents/Developer/Toolchains/XcodeDefault.xctoolchain/usr/lib/clang/21/include]
  collapse include dir [/Applications/Xcode.app/Contents/Developer/Platforms/MacOSX.platform/Developer/SDKs/MacOSX26.5.sdk/usr/include] ==> [/Applications/Xcode.app/Contents/Developer/Platforms/MacOSX.platform/Developer/SDKs/MacOSX26.5.sdk/usr/include]
  collapse include dir [/Applications/Xcode.app/Contents/Developer/Toolchains/XcodeDefault.xctoolchain/usr/include] ==> [/Applications/Xcode.app/Contents/Developer/Toolchains/XcodeDefault.xctoolchain/usr/include]
  implicit include dirs: [/Applications/Xcode.app/Contents/Developer/Toolchains/XcodeDefault.xctoolchain/usr/lib/clang/21/include;/Applications/Xcode.app/Contents/Developer/Platforms/MacOSX.platform/Developer/SDKs/MacOSX26.5.sdk/usr/include;/Applications/Xcode.app/Contents/Developer/Toolchains/XcodeDefault.xctoolchain/usr/include]


Parsed C implicit link information from above output:
  link line regex: [^( *|.*[/\])(ld|CMAKE_LINK_STARTFILE-NOTFOUND|([^/\]+-)?ld|collect2)[^/\]*( |$)]
  ignore line: [Change Dir: /Users/sawyerchristensen/Documents/Prism/Vendor/.build/CMakeFiles/CMakeScratch/TryCompile-whmmRp]
  ignore line: []
  ignore line: [Run Build Command(s):/usr/bin/make -f Makefile cmTC_1d0a2/fast && /Applications/Xcode.app/Contents/Developer/usr/bin/make  -f CMakeFiles/cmTC_1d0a2.dir/build.make CMakeFiles/cmTC_1d0a2.dir/build]
  ignore line: [Building C object CMakeFiles/cmTC_1d0a2.dir/CMakeCCompilerABI.c.o]
  ignore line: [/Applications/Xcode.app/Contents/Developer/Toolchains/XcodeDefault.xctoolchain/usr/bin/cc   -arch arm64 -isysroot /Applications/Xcode.app/Contents/Developer/Platforms/MacOSX.platform/Developer/SDKs/MacOSX26.5.sdk -mmacosx-version-min=14.4 -fPIE   -v -Wl -v -MD -MT CMakeFiles/cmTC_1d0a2.dir/CMakeCCompilerABI.c.o -MF CMakeFiles/cmTC_1d0a2.dir/CMakeCCompilerABI.c.o.d -o CMakeFiles/cmTC_1d0a2.dir/CMakeCCompilerABI.c.o -c /opt/homebrew/Cellar/cmake/3.25.2/share/cmake/Modules/CMakeCCompilerABI.c]
  ignore line: [Apple clang version 21.0.0 (clang-2100.1.1.101)]
  ignore line: [Target: arm64-apple-darwin25.5.0]
  ignore line: [Thread model: posix]
  ignore line: [InstalledDir: /Applications/Xcode.app/Contents/Developer/Toolchains/XcodeDefault.xctoolchain/usr/bin]
  ignore line: [cc: warning: -Wl -v: 'linker' input unused [-Wunused-command-line-argument]]
  ignore line: [ "/Applications/Xcode.app/Contents/Developer/Toolchains/XcodeDefault.xctoolchain/usr/bin/clang" -cc1 -triple arm64-apple-macosx14.4.0 -Wundef-prefix=TARGET_OS_ -Wdeprecated-objc-isa-usage -Werror=deprecated-objc-isa-usage -Werror=implicit-function-declaration -emit-obj -disable-free -clear-ast-before-backend -disable-llvm-verifier -discard-value-names -main-file-name CMakeCCompilerABI.c -mrelocation-model pic -pic-level 2 -mframe-pointer=non-leaf -fno-strict-return -ffp-contract=on -fno-rounding-math -funwind-tables=1 -fobjc-msgsend-selector-stubs -fno-sized-deallocation -target-sdk-version=26.5 -fvisibility-inlines-hidden-static-local-var -fno-modulemap-allow-subdirectory-search -fdefine-target-os-macros -fno-assume-unique-vtables -fno-modulemap-allow-subdirectory-search -enable-tlsdesc -target-cpu apple-m1 -target-feature +v8.5a -target-feature +aes -target-feature +altnzcv -target-feature +ccdp -target-feature +ccpp -target-feature +complxnum -target-feature +crc -target-feature +dotprod -target-feature +flagm -target-feature +fp-armv8 -target-feature +fp16fml -target-feature +fptoint -target-feature +fullfp16 -target-feature +jsconv -target-feature +lse -target-feature +neon -target-feature +pauth -target-feature +perfmon -target-feature +predres -target-feature +ras -target-feature +rcpc -target-feature +rdm -target-feature +sb -target-feature +sha2 -target-feature +sha3 -target-feature +specrestrict -target-feature +ssbs -target-abi darwinpcs -debugger-tuning=lldb -fdebug-compilation-dir=/Users/sawyerchristensen/Documents/Prism/Vendor/.build/CMakeFiles/CMakeScratch/TryCompile-whmmRp -target-linker-version 1267 -v -fcoverage-compilation-dir=/Users/sawyerchristensen/Documents/Prism/Vendor/.build/CMakeFiles/CMakeScratch/TryCompile-whmmRp -resource-dir /Applications/Xcode.app/Contents/Developer/Toolchains/XcodeDefault.xctoolchain/usr/lib/clang/21 -dependency-file CMakeFiles/cmTC_1d0a2.dir/CMakeCCompilerABI.c.o.d -skip-unused-modulemap-deps -MT CMakeFiles/cmTC_1d0a2.dir/CMakeCCompilerABI.c.o -sys-header-deps -isysroot /Applications/Xcode.app/Contents/Developer/Platforms/MacOSX.platform/Developer/SDKs/MacOSX26.5.sdk -internal-isystem /Applications/Xcode.app/Contents/Developer/Platforms/MacOSX.platform/Developer/SDKs/MacOSX26.5.sdk/usr/local/include -internal-isystem /Applications/Xcode.app/Contents/Developer/Toolchains/XcodeDefault.xctoolchain/usr/lib/clang/21/include -internal-externc-isystem /Applications/Xcode.app/Contents/Developer/Platforms/MacOSX.platform/Developer/SDKs/MacOSX26.5.sdk/usr/include -internal-externc-isystem /Applications/Xcode.app/Contents/Developer/Toolchains/XcodeDefault.xctoolchain/usr/include -internal-iframework /Applications/Xcode.app/Contents/Developer/Platforms/MacOSX.platform/Developer/SDKs/MacOSX26.5.sdk/System/Library/Frameworks -internal-iframework /Applications/Xcode.app/Contents/Developer/Platforms/MacOSX.platform/Developer/SDKs/MacOSX26.5.sdk/System/Library/SubFrameworks -internal-iframework /Applications/Xcode.app/Contents/Developer/Platforms/MacOSX.platform/Developer/SDKs/MacOSX26.5.sdk/Library/Frameworks -Wno-elaborated-enum-base -ferror-limit 19 -stack-protector 1 -fstack-check -mdarwin-stkchk-strong-link -fblocks -fencode-extended-block-signature -fregister-global-dtors-with-atexit -fgnuc-version=4.2.1 -fskip-odr-check-in-gmf -fmax-type-align=16 -fcommon -clang-vendor-feature=+disableNonDependentMemberExprInCurrentInstantiation -fno-odr-hash-protocols -clang-vendor-feature=+enableAggressiveVLAFolding -clang-vendor-feature=+revert09abecef7bbf -clang-vendor-feature=+thisNoAlignAttr -clang-vendor-feature=+thisNoNullAttr -clang-vendor-feature=+disableAtImportPrivateFrameworkInImplementationError -Wno-error=allocator-wrappers -fdwarf2-cfi-asm -o CMakeFiles/cmTC_1d0a2.dir/CMakeCCompilerABI.c.o -x c /opt/homebrew/Cellar/cmake/3.25.2/share/cmake/Modules/CMakeCCompilerABI.c]
  ignore line: [clang -cc1 version 21.0.0 (clang-2100.1.1.101) default target arm64-apple-darwin25.5.0]
  ignore line: [ignoring nonexistent directory "/Applications/Xcode.app/Contents/Developer/Platforms/MacOSX.platform/Developer/SDKs/MacOSX26.5.sdk/usr/local/include"]
  ignore line: [ignoring nonexistent directory "/Applications/Xcode.app/Contents/Developer/Platforms/MacOSX.platform/Developer/SDKs/MacOSX26.5.sdk/Library/Frameworks"]
  ignore line: [#include "..." search starts here:]
  ignore line: [#include <...> search starts here:]
  ignore line: [ /Applications/Xcode.app/Contents/Developer/Toolchains/XcodeDefault.xctoolchain/usr/lib/clang/21/include]
  ignore line: [ /Applications/Xcode.app/Contents/Developer/Platforms/MacOSX.platform/Developer/SDKs/MacOSX26.5.sdk/usr/include]
  ignore line: [ /Applications/Xcode.app/Contents/Developer/Toolchains/XcodeDefault.xctoolchain/usr/include]
  ignore line: [ /Applications/Xcode.app/Contents/Developer/Platforms/MacOSX.platform/Developer/SDKs/MacOSX26.5.sdk/System/Library/Frameworks (framework directory)]
  ignore line: [ /Applications/Xcode.app/Contents/Developer/Platforms/MacOSX.platform/Developer/SDKs/MacOSX26.5.sdk/System/Library/SubFrameworks (framework directory)]
  ignore line: [End of search list.]
  ignore line: [Linking C executable cmTC_1d0a2]
  ignore line: [/opt/homebrew/Cellar/cmake/3.25.2/bin/cmake -E cmake_link_script CMakeFiles/cmTC_1d0a2.dir/link.txt --verbose=1]
  ignore line: [/Applications/Xcode.app/Contents/Developer/Toolchains/XcodeDefault.xctoolchain/usr/bin/cc  -arch arm64 -isysroot /Applications/Xcode.app/Contents/Developer/Platforms/MacOSX.platform/Developer/SDKs/MacOSX26.5.sdk -mmacosx-version-min=14.4 -Wl -search_paths_first -Wl -headerpad_max_install_names  -v -Wl -v CMakeFiles/cmTC_1d0a2.dir/CMakeCCompilerABI.c.o -o cmTC_1d0a2 ]
  ignore line: [Apple clang version 21.0.0 (clang-2100.1.1.101)]
  ignore line: [Target: arm64-apple-darwin25.5.0]
  ignore line: [Thread model: posix]
  ignore line: [InstalledDir: /Applications/Xcode.app/Contents/Developer/Toolchains/XcodeDefault.xctoolchain/usr/bin]
  link line: [ "/Applications/Xcode.app/Contents/Developer/Toolchains/XcodeDefault.xctoolchain/usr/bin/ld" -demangle -lto_library /Applications/Xcode.app/Contents/Developer/Toolchains/XcodeDefault.xctoolchain/usr/lib/libLTO.dylib -dynamic -arch arm64 -platform_version macos 14.4.0 26.5 -syslibroot /Applications/Xcode.app/Contents/Developer/Platforms/MacOSX.platform/Developer/SDKs/MacOSX26.5.sdk -mllvm -enable-linkonceodr-outlining -o cmTC_1d0a2 -search_paths_first -headerpad_max_install_names -v CMakeFiles/cmTC_1d0a2.dir/CMakeCCompilerABI.c.o -lSystem /Applications/Xcode.app/Contents/Developer/Toolchains/XcodeDefault.xctoolchain/usr/lib/clang/21/lib/darwin/libclang_rt.osx.a]
    arg [/Applications/Xcode.app/Contents/Developer/Toolchains/XcodeDefault.xctoolchain/usr/bin/ld] ==> ignore
    arg [-demangle] ==> ignore
    arg [-lto_library] ==> ignore, skip following value
    arg [/Applications/Xcode.app/Contents/Developer/Toolchains/XcodeDefault.xctoolchain/usr/lib/libLTO.dylib] ==> skip value of -lto_library
    arg [-dynamic] ==> ignore
    arg [-arch] ==> ignore
    arg [arm64] ==> ignore
    arg [-platform_version] ==> ignore
    arg [macos] ==> ignore
    arg [14.4.0] ==> ignore
    arg [26.5] ==> ignore
    arg [-syslibroot] ==> ignore
    arg [/Applications/Xcode.app/Contents/Developer/Platforms/MacOSX.platform/Developer/SDKs/MacOSX26.5.sdk] ==> ignore
    arg [-mllvm] ==> ignore
    arg [-enable-linkonceodr-outlining] ==> ignore
    arg [-o] ==> ignore
    arg [cmTC_1d0a2] ==> ignore
    arg [-search_paths_first] ==> ignore
    arg [-headerpad_max_install_names] ==> ignore
    arg [-v] ==> ignore
    arg [CMakeFiles/cmTC_1d0a2.dir/CMakeCCompilerABI.c.o] ==> ignore
    arg [-lSystem] ==> lib [System]
    arg [/Applications/Xcode.app/Contents/Developer/Toolchains/XcodeDefault.xctoolchain/usr/lib/clang/21/lib/darwin/libclang_rt.osx.a] ==> lib [/Applications/Xcode.app/Contents/Developer/Toolchains/XcodeDefault.xctoolchain/usr/lib/clang/21/lib/darwin/libclang_rt.osx.a]
  Library search paths: [;/Applications/Xcode.app/Contents/Developer/Platforms/MacOSX.platform/Developer/SDKs/MacOSX26.5.sdk/usr/lib;/Applications/Xcode.app/Contents/Developer/Platforms/MacOSX.platform/Developer/SDKs/MacOSX26.5.sdk/usr/lib/swift]
  Framework search paths: [;/Applications/Xcode.app/Contents/Developer/Platforms/MacOSX.platform/Developer/SDKs/MacOSX26.5.sdk/System/Library/Frameworks]
  remove lib [System]
  remove lib [/Applications/Xcode.app/Contents/Developer/Toolchains/XcodeDefault.xctoolchain/usr/lib/clang/21/lib/darwin/libclang_rt.osx.a]
  collapse library dir [/Applications/Xcode.app/Contents/Developer/Platforms/MacOSX.platform/Developer/SDKs/MacOSX26.5.sdk/usr/lib] ==> [/Applications/Xcode.app/Contents/Developer/Platforms/MacOSX.platform/Developer/SDKs/MacOSX26.5.sdk/usr/lib]
  collapse library dir [/Applications/Xcode.app/Contents/Developer/Platforms/MacOSX.platform/Developer/SDKs/MacOSX26.5.sdk/usr/lib/swift] ==> [/Applications/Xcode.app/Contents/Developer/Platforms/MacOSX.platform/Developer/SDKs/MacOSX26.5.sdk/usr/lib/swift]
  collapse framework dir [/Applications/Xcode.app/Contents/Developer/Platforms/MacOSX.platform/Developer/SDKs/MacOSX26.5.sdk/System/Library/Frameworks] ==> [/Applications/Xcode.app/Contents/Developer/Platforms/MacOSX.platform/Developer/SDKs/MacOSX26.5.sdk/System/Library/Frameworks]
  implicit libs: []
  implicit objs: []
  implicit dirs: [/Applications/Xcode.app/Contents/Developer/Platforms/MacOSX.platform/Developer/SDKs/MacOSX26.5.sdk/usr/lib;/Applications/Xcode.app/Contents/Developer/Platforms/MacOSX.platform/Developer/SDKs/MacOSX26.5.sdk/usr/lib/swift]
  implicit fwks: [/Applications/Xcode.app/Contents/Developer/Platforms/MacOSX.platform/Developer/SDKs/MacOSX26.5.sdk/System/Library/Frameworks]


Detecting CXX compiler ABI info compiled with the following output:
Change Dir: /Users/sawyerchristensen/Documents/Prism/Vendor/.build/CMakeFiles/CMakeScratch/TryCompile-UjdQKy

Run Build Command(s):/usr/bin/make -f Makefile cmTC_0cb30/fast && /Applications/Xcode.app/Contents/Developer/usr/bin/make  -f CMakeFiles/cmTC_0cb30.dir/build.make CMakeFiles/cmTC_0cb30.dir/build
Building CXX object CMakeFiles/cmTC_0cb30.dir/CMakeCXXCompilerABI.cpp.o
/Applications/Xcode.app/Contents/Developer/Toolchains/XcodeDefault.xctoolchain/usr/bin/c++   -arch arm64 -isysroot /Applications/Xcode.app/Contents/Developer/Platforms/MacOSX.platform/Developer/SDKs/MacOSX26.5.sdk -mmacosx-version-min=14.4 -fPIE   -v -Wl,-v -std=gnu++14 -MD -MT CMakeFiles/cmTC_0cb30.dir/CMakeCXXCompilerABI.cpp.o -MF CMakeFiles/cmTC_0cb30.dir/CMakeCXXCompilerABI.cpp.o.d -o CMakeFiles/cmTC_0cb30.dir/CMakeCXXCompilerABI.cpp.o -c /opt/homebrew/Cellar/cmake/3.25.2/share/cmake/Modules/CMakeCXXCompilerABI.cpp
Apple clang version 21.0.0 (clang-2100.1.1.101)
Target: arm64-apple-darwin25.5.0
Thread model: posix
InstalledDir: /Applications/Xcode.app/Contents/Developer/Toolchains/XcodeDefault.xctoolchain/usr/bin
c++: warning: -Wl,-v: 'linker' input unused [-Wunused-command-line-argument]
ignoring nonexistent directory "/Applications/Xcode.app/Contents/Developer/Toolchains/XcodeDefault.xctoolchain/usr/bin/../include/c++/v1"
 "/Applications/Xcode.app/Contents/Developer/Toolchains/XcodeDefault.xctoolchain/usr/bin/clang" -cc1 -triple arm64-apple-macosx14.4.0 -Wundef-prefix=TARGET_OS_ -Wdeprecated-objc-isa-usage -Werror=deprecated-objc-isa-usage -Werror=implicit-function-declaration -emit-obj -disable-free -clear-ast-before-backend -disable-llvm-verifier -discard-value-names -main-file-name CMakeCXXCompilerABI.cpp -mrelocation-model pic -pic-level 2 -mframe-pointer=non-leaf -fno-strict-return -ffp-contract=on -fno-rounding-math -funwind-tables=1 -fobjc-msgsend-selector-stubs -fno-sized-deallocation -target-sdk-version=26.5 -fvisibility-inlines-hidden-static-local-var -fno-modulemap-allow-subdirectory-search -fdefine-target-os-macros -fno-assume-unique-vtables -fno-modulemap-allow-subdirectory-search -enable-tlsdesc -target-cpu apple-m1 -target-feature +v8.5a -target-feature +aes -target-feature +altnzcv -target-feature +ccdp -target-feature +ccpp -target-feature +complxnum -target-feature +crc -target-feature +dotprod -target-feature +flagm -target-feature +fp-armv8 -target-feature +fp16fml -target-feature +fptoint -target-feature +fullfp16 -target-feature +jsconv -target-feature +lse -target-feature +neon -target-feature +pauth -target-feature +perfmon -target-feature +predres -target-feature +ras -target-feature +rcpc -target-feature +rdm -target-feature +sb -target-feature +sha2 -target-feature +sha3 -target-feature +specrestrict -target-feature +ssbs -target-abi darwinpcs -debugger-tuning=lldb -fdebug-compilation-dir=/Users/sawyerchristensen/Documents/Prism/Vendor/.build/CMakeFiles/CMakeScratch/TryCompile-UjdQKy -target-linker-version 1267 -v -fcoverage-compilation-dir=/Users/sawyerchristensen/Documents/Prism/Vendor/.build/CMakeFiles/CMakeScratch/TryCompile-UjdQKy -resource-dir /Applications/Xcode.app/Contents/Developer/Toolchains/XcodeDefault.xctoolchain/usr/lib/clang/21 -dependency-file CMakeFiles/cmTC_0cb30.dir/CMakeCXXCompilerABI.cpp.o.d -skip-unused-modulemap-deps -MT CMakeFiles/cmTC_0cb30.dir/CMakeCXXCompilerABI.cpp.o -sys-header-deps -isysroot /Applications/Xcode.app/Contents/Developer/Platforms/MacOSX.platform/Developer/SDKs/MacOSX26.5.sdk -internal-isystem /Applications/Xcode.app/Contents/Developer/Platforms/MacOSX.platform/Developer/SDKs/MacOSX26.5.sdk/usr/include/c++/v1 -internal-isystem /Applications/Xcode.app/Contents/Developer/Platforms/MacOSX.platform/Developer/SDKs/MacOSX26.5.sdk/usr/local/include -internal-isystem /Applications/Xcode.app/Contents/Developer/Toolchains/XcodeDefault.xctoolchain/usr/lib/clang/21/include -internal-externc-isystem /Applications/Xcode.app/Contents/Developer/Platforms/MacOSX.platform/Developer/SDKs/MacOSX26.5.sdk/usr/include -internal-externc-isystem /Applications/Xcode.app/Contents/Developer/Toolchains/XcodeDefault.xctoolchain/usr/include -internal-iframework /Applications/Xcode.app/Contents/Developer/Platforms/MacOSX.platform/Developer/SDKs/MacOSX26.5.sdk/System/Library/Frameworks -internal-iframework /Applications/Xcode.app/Contents/Developer/Platforms/MacOSX.platform/Developer/SDKs/MacOSX26.5.sdk/System/Library/SubFrameworks -internal-iframework /Applications/Xcode.app/Contents/Developer/Platforms/MacOSX.platform/Developer/SDKs/MacOSX26.5.sdk/Library/Frameworks -Wno-elaborated-enum-base -std=gnu++14 -fdeprecated-macro -ferror-limit 19 -stack-protector 1 -fstack-check -mdarwin-stkchk-strong-link -fblocks -fencode-extended-block-signature -fregister-global-dtors-with-atexit -fgnuc-version=4.2.1 -fskip-odr-check-in-gmf -fcxx-exceptions -fexceptions -fmax-type-align=16 -fcommon -clang-vendor-feature=+disableNonDependentMemberExprInCurrentInstantiation -fno-odr-hash-protocols -clang-vendor-feature=+enableAggressiveVLAFolding -clang-vendor-feature=+revert09abecef7bbf -clang-vendor-feature=+thisNoAlignAttr -clang-vendor-feature=+thisNoNullAttr -clang-vendor-feature=+disableAtImportPrivateFrameworkInImplementationError -Wno-error=allocator-wrappers -fdwarf2-cfi-asm -o CMakeFiles/cmTC_0cb30.dir/CMakeCXXCompilerABI.cpp.o -x c++ /opt/homebrew/Cellar/cmake/3.25.2/share/cmake/Modules/CMakeCXXCompilerABI.cpp
clang -cc1 version 21.0.0 (clang-2100.1.1.101) default target arm64-apple-darwin25.5.0
ignoring nonexistent directory "/Applications/Xcode.app/Contents/Developer/Platforms/MacOSX.platform/Developer/SDKs/MacOSX26.5.sdk/usr/local/include"
ignoring nonexistent directory "/Applications/Xcode.app/Contents/Developer/Platforms/MacOSX.platform/Developer/SDKs/MacOSX26.5.sdk/Library/Frameworks"
#include "..." search starts here:
#include <...> search starts here:
 /Applications/Xcode.app/Contents/Developer/Platforms/MacOSX.platform/Developer/SDKs/MacOSX26.5.sdk/usr/include/c++/v1
 /Applications/Xcode.app/Contents/Developer/Toolchains/XcodeDefault.xctoolchain/usr/lib/clang/21/include
 /Applications/Xcode.app/Contents/Developer/Platforms/MacOSX.platform/Developer/SDKs/MacOSX26.5.sdk/usr/include
 /Applications/Xcode.app/Contents/Developer/Toolchains/XcodeDefault.xctoolchain/usr/include
 /Applications/Xcode.app/Contents/Developer/Platforms/MacOSX.platform/Developer/SDKs/MacOSX26.5.sdk/System/Library/Frameworks (framework directory)
 /Applications/Xcode.app/Contents/Developer/Platforms/MacOSX.platform/Developer/SDKs/MacOSX26.5.sdk/System/Library/SubFrameworks (framework directory)
End of search list.
Linking CXX executable cmTC_0cb30
/opt/homebrew/Cellar/cmake/3.25.2/bin/cmake -E cmake_link_script CMakeFiles/cmTC_0cb30.dir/link.txt --verbose=1
/Applications/Xcode.app/Contents/Developer/Toolchains/XcodeDefault.xctoolchain/usr/bin/c++  -arch arm64 -isysroot /Applications/Xcode.app/Contents/Developer/Platforms/MacOSX.platform/Developer/SDKs/MacOSX26.5.sdk -mmacosx-version-min=14.4 -Wl,-search_paths_first -Wl,-headerpad_max_install_names  -v -Wl,-v CMakeFiles/cmTC_0cb30.dir/CMakeCXXCompilerABI.cpp.o -o cmTC_0cb30 
Apple clang version 21.0.0 (clang-2100.1.1.101)
Target: arm64-apple-darwin25.5.0
Thread model: posix
InstalledDir: /Applications/Xcode.app/Contents/Developer/Toolchains/XcodeDefault.xctoolchain/usr/bin
 "/Applications/Xcode.app/Contents/Developer/Toolchains/XcodeDefault.xctoolchain/usr/bin/ld" -demangle -lto_library /Applications/Xcode.app/Contents/Developer/Toolchains/XcodeDefault.xctoolchain/usr/lib/libLTO.dylib -dynamic -arch arm64 -platform_version macos 14.4.0 26.5 -syslibroot /Applications/Xcode.app/Contents/Developer/Platforms/MacOSX.platform/Developer/SDKs/MacOSX26.5.sdk -mllvm -enable-linkonceodr-outlining -o cmTC_0cb30 -search_paths_first -headerpad_max_install_names -v CMakeFiles/cmTC_0cb30.dir/CMakeCXXCompilerABI.cpp.o -lc++ -lSystem /Applications/Xcode.app/Contents/Developer/Toolchains/XcodeDefault.xctoolchain/usr/lib/clang/21/lib/darwin/libclang_rt.osx.a
@(#)PROGRAM:ld PROJECT:ld-1267
BUILD 16:38:58 Jun  8 2026
configured to support archs: armv6 armv7 armv7s arm64 arm64e arm64_32 i386 x86_64 x86_64h armv6m armv7k armv7m armv7em armv8m.main armv8.1m.main
will use ld-classic for: armv6 armv7 armv7s i386 armv6m armv7k armv7m armv7em
LTO support using: LLVM version 21.0.0 (static support for 30, runtime is 30)
TAPI support using: Apple TAPI version 21.0.0 (tapi-2100.0.2.6)
Library search paths:
	/Applications/Xcode.app/Contents/Developer/Platforms/MacOSX.platform/Developer/SDKs/MacOSX26.5.sdk/usr/lib
	/Applications/Xcode.app/Contents/Developer/Platforms/MacOSX.platform/Developer/SDKs/MacOSX26.5.sdk/usr/lib/swift
Framework search paths:
	/Applications/Xcode.app/Contents/Developer/Platforms/MacOSX.platform/Developer/SDKs/MacOSX26.5.sdk/System/Library/Frameworks



Parsed CXX implicit include dir info from above output: rv=done
  found start of include info
  found start of implicit include info
    add: [/Applications/Xcode.app/Contents/Developer/Platforms/MacOSX.platform/Developer/SDKs/MacOSX26.5.sdk/usr/include/c++/v1]
    add: [/Applications/Xcode.app/Contents/Developer/Toolchains/XcodeDefault.xctoolchain/usr/lib/clang/21/include]
    add: [/Applications/Xcode.app/Contents/Developer/Platforms/MacOSX.platform/Developer/SDKs/MacOSX26.5.sdk/usr/include]
    add: [/Applications/Xcode.app/Contents/Developer/Toolchains/XcodeDefault.xctoolchain/usr/include]
  end of search list found
  collapse include dir [/Applications/Xcode.app/Contents/Developer/Platforms/MacOSX.platform/Developer/SDKs/MacOSX26.5.sdk/usr/include/c++/v1] ==> [/Applications/Xcode.app/Contents/Developer/Platforms/MacOSX.platform/Developer/SDKs/MacOSX26.5.sdk/usr/include/c++/v1]
  collapse include dir [/Applications/Xcode.app/Contents/Developer/Toolchains/XcodeDefault.xctoolchain/usr/lib/clang/21/include] ==> [/Applications/Xcode.app/Contents/Developer/Toolchains/XcodeDefault.xctoolchain/usr/lib/clang/21/include]
  collapse include dir [/Applications/Xcode.app/Contents/Developer/Platforms/MacOSX.platform/Developer/SDKs/MacOSX26.5.sdk/usr/include] ==> [/Applications/Xcode.app/Contents/Developer/Platforms/MacOSX.platform/Developer/SDKs/MacOSX26.5.sdk/usr/include]
  collapse include dir [/Applications/Xcode.app/Contents/Developer/Toolchains/XcodeDefault.xctoolchain/usr/include] ==> [/Applications/Xcode.app/Contents/Developer/Toolchains/XcodeDefault.xctoolchain/usr/include]
  implicit include dirs: [/Applications/Xcode.app/Contents/Developer/Platforms/MacOSX.platform/Developer/SDKs/MacOSX26.5.sdk/usr/include/c++/v1;/Applications/Xcode.app/Contents/Developer/Toolchains/XcodeDefault.xctoolchain/usr/lib/clang/21/include;/Applications/Xcode.app/Contents/Developer/Platforms/MacOSX.platform/Developer/SDKs/MacOSX26.5.sdk/usr/include;/Applications/Xcode.app/Contents/Developer/Toolchains/XcodeDefault.xctoolchain/usr/include]


Parsed CXX implicit link information from above output:
  link line regex: [^( *|.*[/\])(ld|CMAKE_LINK_STARTFILE-NOTFOUND|([^/\]+-)?ld|collect2)[^/\]*( |$)]
  ignore line: [Change Dir: /Users/sawyerchristensen/Documents/Prism/Vendor/.build/CMakeFiles/CMakeScratch/TryCompile-UjdQKy]
  ignore line: []
  ignore line: [Run Build Command(s):/usr/bin/make -f Makefile cmTC_0cb30/fast && /Applications/Xcode.app/Contents/Developer/usr/bin/make  -f CMakeFiles/cmTC_0cb30.dir/build.make CMakeFiles/cmTC_0cb30.dir/build]
  ignore line: [Building CXX object CMakeFiles/cmTC_0cb30.dir/CMakeCXXCompilerABI.cpp.o]
  ignore line: [/Applications/Xcode.app/Contents/Developer/Toolchains/XcodeDefault.xctoolchain/usr/bin/c++   -arch arm64 -isysroot /Applications/Xcode.app/Contents/Developer/Platforms/MacOSX.platform/Developer/SDKs/MacOSX26.5.sdk -mmacosx-version-min=14.4 -fPIE   -v -Wl -v -std=gnu++14 -MD -MT CMakeFiles/cmTC_0cb30.dir/CMakeCXXCompilerABI.cpp.o -MF CMakeFiles/cmTC_0cb30.dir/CMakeCXXCompilerABI.cpp.o.d -o CMakeFiles/cmTC_0cb30.dir/CMakeCXXCompilerABI.cpp.o -c /opt/homebrew/Cellar/cmake/3.25.2/share/cmake/Modules/CMakeCXXCompilerABI.cpp]
  ignore line: [Apple clang version 21.0.0 (clang-2100.1.1.101)]
  ignore line: [Target: arm64-apple-darwin25.5.0]
  ignore line: [Thread model: posix]
  ignore line: [InstalledDir: /Applications/Xcode.app/Contents/Developer/Toolchains/XcodeDefault.xctoolchain/usr/bin]
  ignore line: [c++: warning: -Wl -v: 'linker' input unused [-Wunused-command-line-argument]]
  ignore line: [ignoring nonexistent directory "/Applications/Xcode.app/Contents/Developer/Toolchains/XcodeDefault.xctoolchain/usr/bin/../include/c++/v1"]
  ignore line: [ "/Applications/Xcode.app/Contents/Developer/Toolchains/XcodeDefault.xctoolchain/usr/bin/clang" -cc1 -triple arm64-apple-macosx14.4.0 -Wundef-prefix=TARGET_OS_ -Wdeprecated-objc-isa-usage -Werror=deprecated-objc-isa-usage -Werror=implicit-function-declaration -emit-obj -disable-free -clear-ast-before-backend -disable-llvm-verifier -discard-value-names -main-file-name CMakeCXXCompilerABI.cpp -mrelocation-model pic -pic-level 2 -mframe-pointer=non-leaf -fno-strict-return -ffp-contract=on -fno-rounding-math -funwind-tables=1 -fobjc-msgsend-selector-stubs -fno-sized-deallocation -target-sdk-version=26.5 -fvisibility-inlines-hidden-static-local-var -fno-modulemap-allow-subdirectory-search -fdefine-target-os-macros -fno-assume-unique-vtables -fno-modulemap-allow-subdirectory-search -enable-tlsdesc -target-cpu apple-m1 -target-feature +v8.5a -target-feature +aes -target-feature +altnzcv -target-feature +ccdp -target-feature +ccpp -target-feature +complxnum -target-feature +crc -target-feature +dotprod -target-feature +flagm -target-feature +fp-armv8 -target-feature +fp16fml -target-feature +fptoint -target-feature +fullfp16 -target-feature +jsconv -target-feature +lse -target-feature +neon -target-feature +pauth -target-feature +perfmon -target-feature +predres -target-feature +ras -target-feature +rcpc -target-feature +rdm -target-feature +sb -target-feature +sha2 -target-feature +sha3 -target-feature +specrestrict -target-feature +ssbs -target-abi darwinpcs -debugger-tuning=lldb -fdebug-compilation-dir=/Users/sawyerchristensen/Documents/Prism/Vendor/.build/CMakeFiles/CMakeScratch/TryCompile-UjdQKy -target-linker-version 1267 -v -fcoverage-compilation-dir=/Users/sawyerchristensen/Documents/Prism/Vendor/.build/CMakeFiles/CMakeScratch/TryCompile-UjdQKy -resource-dir /Applications/Xcode.app/Contents/Developer/Toolchains/XcodeDefault.xctoolchain/usr/lib/clang/21 -dependency-file CMakeFiles/cmTC_0cb30.dir/CMakeCXXCompilerABI.cpp.o.d -skip-unused-modulemap-deps -MT CMakeFiles/cmTC_0cb30.dir/CMakeCXXCompilerABI.cpp.o -sys-header-deps -isysroot /Applications/Xcode.app/Contents/Developer/Platforms/MacOSX.platform/Developer/SDKs/MacOSX26.5.sdk -internal-isystem /Applications/Xcode.app/Contents/Developer/Platforms/MacOSX.platform/Developer/SDKs/MacOSX26.5.sdk/usr/include/c++/v1 -internal-isystem /Applications/Xcode.app/Contents/Developer/Platforms/MacOSX.platform/Developer/SDKs/MacOSX26.5.sdk/usr/local/include -internal-isystem /Applications/Xcode.app/Contents/Developer/Toolchains/XcodeDefault.xctoolchain/usr/lib/clang/21/include -internal-externc-isystem /Applications/Xcode.app/Contents/Developer/Platforms/MacOSX.platform/Developer/SDKs/MacOSX26.5.sdk/usr/include -internal-externc-isystem /Applications/Xcode.app/Contents/Developer/Toolchains/XcodeDefault.xctoolchain/usr/include -internal-iframework /Applications/Xcode.app/Contents/Developer/Platforms/MacOSX.platform/Developer/SDKs/MacOSX26.5.sdk/System/Library/Frameworks -internal-iframework /Applications/Xcode.app/Contents/Developer/Platforms/MacOSX.platform/Developer/SDKs/MacOSX26.5.sdk/System/Library/SubFrameworks -internal-iframework /Applications/Xcode.app/Contents/Developer/Platforms/MacOSX.platform/Developer/SDKs/MacOSX26.5.sdk/Library/Frameworks -Wno-elaborated-enum-base -std=gnu++14 -fdeprecated-macro -ferror-limit 19 -stack-protector 1 -fstack-check -mdarwin-stkchk-strong-link -fblocks -fencode-extended-block-signature -fregister-global-dtors-with-atexit -fgnuc-version=4.2.1 -fskip-odr-check-in-gmf -fcxx-exceptions -fexceptions -fmax-type-align=16 -fcommon -clang-vendor-feature=+disableNonDependentMemberExprInCurrentInstantiation -fno-odr-hash-protocols -clang-vendor-feature=+enableAggressiveVLAFolding -clang-vendor-feature=+revert09abecef7bbf -clang-vendor-feature=+thisNoAlignAttr -clang-vendor-feature=+thisNoNullAttr -clang-vendor-feature=+disableAtImportPrivateFrameworkInImplementationError -Wno-error=allocator-wrappers -fdwarf2-cfi-asm -o CMakeFiles/cmTC_0cb30.dir/CMakeCXXCompilerABI.cpp.o -x c++ /opt/homebrew/Cellar/cmake/3.25.2/share/cmake/Modules/CMakeCXXCompilerABI.cpp]
  ignore line: [clang -cc1 version 21.0.0 (clang-2100.1.1.101) default target arm64-apple-darwin25.5.0]
  ignore line: [ignoring nonexistent directory "/Applications/Xcode.app/Contents/Developer/Platforms/MacOSX.platform/Developer/SDKs/MacOSX26.5.sdk/usr/local/include"]
  ignore line: [ignoring nonexistent directory "/Applications/Xcode.app/Contents/Developer/Platforms/MacOSX.platform/Developer/SDKs/MacOSX26.5.sdk/Library/Frameworks"]
  ignore line: [#include "..." search starts here:]
  ignore line: [#include <...> search starts here:]
  ignore line: [ /Applications/Xcode.app/Contents/Developer/Platforms/MacOSX.platform/Developer/SDKs/MacOSX26.5.sdk/usr/include/c++/v1]
  ignore line: [ /Applications/Xcode.app/Contents/Developer/Toolchains/XcodeDefault.xctoolchain/usr/lib/clang/21/include]
  ignore line: [ /Applications/Xcode.app/Contents/Developer/Platforms/MacOSX.platform/Developer/SDKs/MacOSX26.5.sdk/usr/include]
  ignore line: [ /Applications/Xcode.app/Contents/Developer/Toolchains/XcodeDefault.xctoolchain/usr/include]
  ignore line: [ /Applications/Xcode.app/Contents/Developer/Platforms/MacOSX.platform/Developer/SDKs/MacOSX26.5.sdk/System/Library/Frameworks (framework directory)]
  ignore line: [ /Applications/Xcode.app/Contents/Developer/Platforms/MacOSX.platform/Developer/SDKs/MacOSX26.5.sdk/System/Library/SubFrameworks (framework directory)]
  ignore line: [End of search list.]
  ignore line: [Linking CXX executable cmTC_0cb30]
  ignore line: [/opt/homebrew/Cellar/cmake/3.25.2/bin/cmake -E cmake_link_script CMakeFiles/cmTC_0cb30.dir/link.txt --verbose=1]
  ignore line: [/Applications/Xcode.app/Contents/Developer/Toolchains/XcodeDefault.xctoolchain/usr/bin/c++  -arch arm64 -isysroot /Applications/Xcode.app/Contents/Developer/Platforms/MacOSX.platform/Developer/SDKs/MacOSX26.5.sdk -mmacosx-version-min=14.4 -Wl -search_paths_first -Wl -headerpad_max_install_names  -v -Wl -v CMakeFiles/cmTC_0cb30.dir/CMakeCXXCompilerABI.cpp.o -o cmTC_0cb30 ]
  ignore line: [Apple clang version 21.0.0 (clang-2100.1.1.101)]
  ignore line: [Target: arm64-apple-darwin25.5.0]
  ignore line: [Thread model: posix]
  ignore line: [InstalledDir: /Applications/Xcode.app/Contents/Developer/Toolchains/XcodeDefault.xctoolchain/usr/bin]
  link line: [ "/Applications/Xcode.app/Contents/Developer/Toolchains/XcodeDefault.xctoolchain/usr/bin/ld" -demangle -lto_library /Applications/Xcode.app/Contents/Developer/Toolchains/XcodeDefault.xctoolchain/usr/lib/libLTO.dylib -dynamic -arch arm64 -platform_version macos 14.4.0 26.5 -syslibroot /Applications/Xcode.app/Contents/Developer/Platforms/MacOSX.platform/Developer/SDKs/MacOSX26.5.sdk -mllvm -enable-linkonceodr-outlining -o cmTC_0cb30 -search_paths_first -headerpad_max_install_names -v CMakeFiles/cmTC_0cb30.dir/CMakeCXXCompilerABI.cpp.o -lc++ -lSystem /Applications/Xcode.app/Contents/Developer/Toolchains/XcodeDefault.xctoolchain/usr/lib/clang/21/lib/darwin/libclang_rt.osx.a]
    arg [/Applications/Xcode.app/Contents/Developer/Toolchains/XcodeDefault.xctoolchain/usr/bin/ld] ==> ignore
    arg [-demangle] ==> ignore
    arg [-lto_library] ==> ignore, skip following value
    arg [/Applications/Xcode.app/Contents/Developer/Toolchains/XcodeDefault.xctoolchain/usr/lib/libLTO.dylib] ==> skip value of -lto_library
    arg [-dynamic] ==> ignore
    arg [-arch] ==> ignore
    arg [arm64] ==> ignore
    arg [-platform_version] ==> ignore
    arg [macos] ==> ignore
    arg [14.4.0] ==> ignore
    arg [26.5] ==> ignore
    arg [-syslibroot] ==> ignore
    arg [/Applications/Xcode.app/Contents/Developer/Platforms/MacOSX.platform/Developer/SDKs/MacOSX26.5.sdk] ==> ignore
    arg [-mllvm] ==> ignore
    arg [-enable-linkonceodr-outlining] ==> ignore
    arg [-o] ==> ignore
    arg [cmTC_0cb30] ==> ignore
    arg [-search_paths_first] ==> ignore
    arg [-headerpad_max_install_names] ==> ignore
    arg [-v] ==> ignore
    arg [CMakeFiles/cmTC_0cb30.dir/CMakeCXXCompilerABI.cpp.o] ==> ignore
    arg [-lc++] ==> lib [c++]
    arg [-lSystem] ==> lib [System]
    arg [/Applications/Xcode.app/Contents/Developer/Toolchains/XcodeDefault.xctoolchain/usr/lib/clang/21/lib/darwin/libclang_rt.osx.a] ==> lib [/Applications/Xcode.app/Contents/Developer/Toolchains/XcodeDefault.xctoolchain/usr/lib/clang/21/lib/darwin/libclang_rt.osx.a]
  Library search paths: [;/Applications/Xcode.app/Contents/Developer/Platforms/MacOSX.platform/Developer/SDKs/MacOSX26.5.sdk/usr/lib;/Applications/Xcode.app/Contents/Developer/Platforms/MacOSX.platform/Developer/SDKs/MacOSX26.5.sdk/usr/lib/swift]
  Framework search paths: [;/Applications/Xcode.app/Contents/Developer/Platforms/MacOSX.platform/Developer/SDKs/MacOSX26.5.sdk/System/Library/Frameworks]
  remove lib [System]
  remove lib [/Applications/Xcode.app/Contents/Developer/Toolchains/XcodeDefault.xctoolchain/usr/lib/clang/21/lib/darwin/libclang_rt.osx.a]
  collapse library dir [/Applications/Xcode.app/Contents/Developer/Platforms/MacOSX.platform/Developer/SDKs/MacOSX26.5.sdk/usr/lib] ==> [/Applications/Xcode.app/Contents/Developer/Platforms/MacOSX.platform/Developer/SDKs/MacOSX26.5.sdk/usr/lib]
  collapse library dir [/Applications/Xcode.app/Contents/Developer/Platforms/MacOSX.platform/Developer/SDKs/MacOSX26.5.sdk/usr/lib/swift] ==> [/Applications/Xcode.app/Contents/Developer/Platforms/MacOSX.platform/Developer/SDKs/MacOSX26.5.sdk/usr/lib/swift]
  collapse framework dir [/Applications/Xcode.app/Contents/Developer/Platforms/MacOSX.platform/Developer/SDKs/MacOSX26.5.sdk/System/Library/Frameworks] ==> [/Applications/Xcode.app/Contents/Developer/Platforms/MacOSX.platform/Developer/SDKs/MacOSX26.5.sdk/System/Library/Frameworks]
  implicit libs: [c++]
  implicit objs: []
  implicit dirs: [/Applications/Xcode.app/Contents/Developer/Platforms/MacOSX.platform/Developer/SDKs/MacOSX26.5.sdk/usr/lib;/Applications/Xcode.app/Contents/Developer/Platforms/MacOSX.platform/Developer/SDKs/MacOSX26.5.sdk/usr/lib/swift]
  implicit fwks: [/Applications/Xcode.app/Contents/Developer/Platforms/MacOSX.platform/Developer/SDKs/MacOSX26.5.sdk/System/Library/Frameworks]


Performing C SOURCE FILE Test ALL_OPTIMIZATIONS_FLAG_SUPPORTED succeeded with the following output:
Change Dir: /Users/sawyerchristensen/Documents/Prism/Vendor/.build/CMakeFiles/CMakeScratch/TryCompile-M17yey

Run Build Command(s):/usr/bin/make -f Makefile cmTC_38318/fast && /Applications/Xcode.app/Contents/Developer/usr/bin/make  -f CMakeFiles/cmTC_38318.dir/build.make CMakeFiles/cmTC_38318.dir/build
Building C object CMakeFiles/cmTC_38318.dir/src.c.o
/Applications/Xcode.app/Contents/Developer/Toolchains/XcodeDefault.xctoolchain/usr/bin/cc -DALL_OPTIMIZATIONS_FLAG_SUPPORTED  -arch arm64 -isysroot /Applications/Xcode.app/Contents/Developer/Platforms/MacOSX.platform/Developer/SDKs/MacOSX26.5.sdk -mmacosx-version-min=14.4 -fPIE   -O3 -MD -MT CMakeFiles/cmTC_38318.dir/src.c.o -MF CMakeFiles/cmTC_38318.dir/src.c.o.d -o CMakeFiles/cmTC_38318.dir/src.c.o -c /Users/sawyerchristensen/Documents/Prism/Vendor/.build/CMakeFiles/CMakeScratch/TryCompile-M17yey/src.c
Linking C executable cmTC_38318
/opt/homebrew/Cellar/cmake/3.25.2/bin/cmake -E cmake_link_script CMakeFiles/cmTC_38318.dir/link.txt --verbose=1
/Applications/Xcode.app/Contents/Developer/Toolchains/XcodeDefault.xctoolchain/usr/bin/cc  -arch arm64 -isysroot /Applications/Xcode.app/Contents/Developer/Platforms/MacOSX.platform/Developer/SDKs/MacOSX26.5.sdk -mmacosx-version-min=14.4 -Wl,-search_paths_first -Wl,-headerpad_max_install_names CMakeFiles/cmTC_38318.dir/src.c.o -o cmTC_38318 


Source file was:
int main(void) { return 0; }

Performing C SOURCE FILE Test FAST_MATH_OPTIMIZATION_SUPPORTED succeeded with the following output:
Change Dir: /Users/sawyerchristensen/Documents/Prism/Vendor/.build/CMakeFiles/CMakeScratch/TryCompile-Sa9VY1

Run Build Command(s):/usr/bin/make -f Makefile cmTC_0f1ca/fast && /Applications/Xcode.app/Contents/Developer/usr/bin/make  -f CMakeFiles/cmTC_0f1ca.dir/build.make CMakeFiles/cmTC_0f1ca.dir/build
Building C object CMakeFiles/cmTC_0f1ca.dir/src.c.o
/Applications/Xcode.app/Contents/Developer/Toolchains/XcodeDefault.xctoolchain/usr/bin/cc -DFAST_MATH_OPTIMIZATION_SUPPORTED  -arch arm64 -isysroot /Applications/Xcode.app/Contents/Developer/Platforms/MacOSX.platform/Developer/SDKs/MacOSX26.5.sdk -mmacosx-version-min=14.4 -fPIE   -ffast-math -MD -MT CMakeFiles/cmTC_0f1ca.dir/src.c.o -MF CMakeFiles/cmTC_0f1ca.dir/src.c.o.d -o CMakeFiles/cmTC_0f1ca.dir/src.c.o -c /Users/sawyerchristensen/Documents/Prism/Vendor/.build/CMakeFiles/CMakeScratch/TryCompile-Sa9VY1/src.c
Linking C executable cmTC_0f1ca
/opt/homebrew/Cellar/cmake/3.25.2/bin/cmake -E cmake_link_script CMakeFiles/cmTC_0f1ca.dir/link.txt --verbose=1
/Applications/Xcode.app/Contents/Developer/Toolchains/XcodeDefault.xctoolchain/usr/bin/cc  -arch arm64 -isysroot /Applications/Xcode.app/Contents/Developer/Platforms/MacOSX.platform/Developer/SDKs/MacOSX26.5.sdk -mmacosx-version-min=14.4 -Wl,-search_paths_first -Wl,-headerpad_max_install_names CMakeFiles/cmTC_0f1ca.dir/src.c.o -o cmTC_0f1ca 


Source file was:
int main(void) { return 0; }

Performing C SOURCE FILE Test NO_MATH_LIB_REQUIRED succeeded with the following output:
Change Dir: /Users/sawyerchristensen/Documents/Prism/Vendor/.build/CMakeFiles/CMakeScratch/TryCompile-t1NAYg

Run Build Command(s):/usr/bin/make -f Makefile cmTC_e7c72/fast && /Applications/Xcode.app/Contents/Developer/usr/bin/make  -f CMakeFiles/cmTC_e7c72.dir/build.make CMakeFiles/cmTC_e7c72.dir/build
Building C object CMakeFiles/cmTC_e7c72.dir/src.c.o
/Applications/Xcode.app/Contents/Developer/Toolchains/XcodeDefault.xctoolchain/usr/bin/cc -DNO_MATH_LIB_REQUIRED  -arch arm64 -isysroot /Applications/Xcode.app/Contents/Developer/Platforms/MacOSX.platform/Developer/SDKs/MacOSX26.5.sdk -mmacosx-version-min=14.4 -fPIE -MD -MT CMakeFiles/cmTC_e7c72.dir/src.c.o -MF CMakeFiles/cmTC_e7c72.dir/src.c.o.d -o CMakeFiles/cmTC_e7c72.dir/src.c.o -c /Users/sawyerchristensen/Documents/Prism/Vendor/.build/CMakeFiles/CMakeScratch/TryCompile-t1NAYg/src.c
Linking C executable cmTC_e7c72
/opt/homebrew/Cellar/cmake/3.25.2/bin/cmake -E cmake_link_script CMakeFiles/cmTC_e7c72.dir/link.txt --verbose=1
/Applications/Xcode.app/Contents/Developer/Toolchains/XcodeDefault.xctoolchain/usr/bin/cc  -arch arm64 -isysroot /Applications/Xcode.app/Contents/Developer/Platforms/MacOSX.platform/Developer/SDKs/MacOSX26.5.sdk -mmacosx-version-min=14.4 -Wl,-search_paths_first -Wl,-headerpad_max_install_names CMakeFiles/cmTC_e7c72.dir/src.c.o -o cmTC_e7c72 


Source file was:
#include <math.h>
int main() { double x = sin(1.0);return 0;}

Performing C++ SOURCE FILE Test CXXFLAG_-Wpedantic_SUPPORTED succeeded with the following output:
Change Dir: /Users/sawyerchristensen/Documents/Prism/Vendor/.build/CMakeFiles/CMakeScratch/TryCompile-TCVkBj

Run Build Command(s):/usr/bin/make -f Makefile cmTC_d3f13/fast && /Applications/Xcode.app/Contents/Developer/usr/bin/make  -f CMakeFiles/cmTC_d3f13.dir/build.make CMakeFiles/cmTC_d3f13.dir/build
Building CXX object CMakeFiles/cmTC_d3f13.dir/src.cxx.o
/Applications/Xcode.app/Contents/Developer/Toolchains/XcodeDefault.xctoolchain/usr/bin/c++   -arch arm64 -isysroot /Applications/Xcode.app/Contents/Developer/Platforms/MacOSX.platform/Developer/SDKs/MacOSX26.5.sdk -mmacosx-version-min=14.4 -fPIE   -DCXXFLAG_-Wpedantic_SUPPORTED -Wpedantic -std=gnu++14 -MD -MT CMakeFiles/cmTC_d3f13.dir/src.cxx.o -MF CMakeFiles/cmTC_d3f13.dir/src.cxx.o.d -o CMakeFiles/cmTC_d3f13.dir/src.cxx.o -c /Users/sawyerchristensen/Documents/Prism/Vendor/.build/CMakeFiles/CMakeScratch/TryCompile-TCVkBj/src.cxx
In file included from <built-in>:531:
<command line>:1:17: warning: ISO C99 requires whitespace after the macro name [-Wc99-extensions]
    1 | #define CXXFLAG_-Wpedantic_SUPPORTED 1
      |                 ^
1 warning generated.
Linking CXX executable cmTC_d3f13
/opt/homebrew/Cellar/cmake/3.25.2/bin/cmake -E cmake_link_script CMakeFiles/cmTC_d3f13.dir/link.txt --verbose=1
/Applications/Xcode.app/Contents/Developer/Toolchains/XcodeDefault.xctoolchain/usr/bin/c++  -arch arm64 -isysroot /Applications/Xcode.app/Contents/Developer/Platforms/MacOSX.platform/Developer/SDKs/MacOSX26.5.sdk -mmacosx-version-min=14.4 -Wl,-search_paths_first -Wl,-headerpad_max_install_names CMakeFiles/cmTC_d3f13.dir/src.cxx.o -o cmTC_d3f13 


Source file was:
int main() { return 0; }

Performing C++ SOURCE FILE Test CXXFLAG_-Wextra_SUPPORTED succeeded with the following output:
Change Dir: /Users/sawyerchristensen/Documents/Prism/Vendor/.build/CMakeFiles/CMakeScratch/TryCompile-sFAJbn

Run Build Command(s):/usr/bin/make -f Makefile cmTC_27dd3/fast && /Applications/Xcode.app/Contents/Developer/usr/bin/make  -f CMakeFiles/cmTC_27dd3.dir/build.make CMakeFiles/cmTC_27dd3.dir/build
Building CXX object CMakeFiles/cmTC_27dd3.dir/src.cxx.o
/Applications/Xcode.app/Contents/Developer/Toolchains/XcodeDefault.xctoolchain/usr/bin/c++   -arch arm64 -isysroot /Applications/Xcode.app/Contents/Developer/Platforms/MacOSX.platform/Developer/SDKs/MacOSX26.5.sdk -mmacosx-version-min=14.4 -fPIE   -DCXXFLAG_-Wextra_SUPPORTED -Wextra -std=gnu++14 -MD -MT CMakeFiles/cmTC_27dd3.dir/src.cxx.o -MF CMakeFiles/cmTC_27dd3.dir/src.cxx.o.d -o CMakeFiles/cmTC_27dd3.dir/src.cxx.o -c /Users/sawyerchristensen/Documents/Prism/Vendor/.build/CMakeFiles/CMakeScratch/TryCompile-sFAJbn/src.cxx
In file included from <built-in>:531:
<command line>:1:17: warning: ISO C99 requires whitespace after the macro name [-Wc99-extensions]
    1 | #define CXXFLAG_-Wextra_SUPPORTED 1
      |                 ^
1 warning generated.
Linking CXX executable cmTC_27dd3
/opt/homebrew/Cellar/cmake/3.25.2/bin/cmake -E cmake_link_script CMakeFiles/cmTC_27dd3.dir/link.txt --verbose=1
/Applications/Xcode.app/Contents/Developer/Toolchains/XcodeDefault.xctoolchain/usr/bin/c++  -arch arm64 -isysroot /Applications/Xcode.app/Contents/Developer/Platforms/MacOSX.platform/Developer/SDKs/MacOSX26.5.sdk -mmacosx-version-min=14.4 -Wl,-search_paths_first -Wl,-headerpad_max_install_names CMakeFiles/cmTC_27dd3.dir/src.cxx.o -o cmTC_27dd3 


Source file was:
int main() { return 0; }

Performing C++ SOURCE FILE Test CXXFLAG_-Wall_SUPPORTED succeeded with the following output:
Change Dir: /Users/sawyerchristensen/Documents/Prism/Vendor/.build/CMakeFiles/CMakeScratch/TryCompile-Y1Sz7w

Run Build Command(s):/usr/bin/make -f Makefile cmTC_d4f3c/fast && /Applications/Xcode.app/Contents/Developer/usr/bin/make  -f CMakeFiles/cmTC_d4f3c.dir/build.make CMakeFiles/cmTC_d4f3c.dir/build
Building CXX object CMakeFiles/cmTC_d4f3c.dir/src.cxx.o
/Applications/Xcode.app/Contents/Developer/Toolchains/XcodeDefault.xctoolchain/usr/bin/c++   -arch arm64 -isysroot /Applications/Xcode.app/Contents/Developer/Platforms/MacOSX.platform/Developer/SDKs/MacOSX26.5.sdk -mmacosx-version-min=14.4 -fPIE   -DCXXFLAG_-Wall_SUPPORTED -Wall -std=gnu++14 -MD -MT CMakeFiles/cmTC_d4f3c.dir/src.cxx.o -MF CMakeFiles/cmTC_d4f3c.dir/src.cxx.o.d -o CMakeFiles/cmTC_d4f3c.dir/src.cxx.o -c /Users/sawyerchristensen/Documents/Prism/Vendor/.build/CMakeFiles/CMakeScratch/TryCompile-Y1Sz7w/src.cxx
In file included from <built-in>:531:
<command line>:1:17: warning: ISO C99 requires whitespace after the macro name [-Wc99-extensions]
    1 | #define CXXFLAG_-Wall_SUPPORTED 1
      |                 ^
1 warning generated.
Linking CXX executable cmTC_d4f3c
/opt/homebrew/Cellar/cmake/3.25.2/bin/cmake -E cmake_link_script CMakeFiles/cmTC_d4f3c.dir/link.txt --verbose=1
/Applications/Xcode.app/Contents/Developer/Toolchains/XcodeDefault.xctoolchain/usr/bin/c++  -arch arm64 -isysroot /Applications/Xcode.app/Contents/Developer/Platforms/MacOSX.platform/Developer/SDKs/MacOSX26.5.sdk -mmacosx-version-min=14.4 -Wl,-search_paths_first -Wl,-headerpad_max_install_names CMakeFiles/cmTC_d4f3c.dir/src.cxx.o -o cmTC_d4f3c 


Source file was:
int main() { return 0; }

Performing C++ SOURCE FILE Test CXXFLAG_-Wchar-subscripts_SUPPORTED succeeded with the following output:
Change Dir: /Users/sawyerchristensen/Documents/Prism/Vendor/.build/CMakeFiles/CMakeScratch/TryCompile-bKTFvk

Run Build Command(s):/usr/bin/make -f Makefile cmTC_3fa75/fast && /Applications/Xcode.app/Contents/Developer/usr/bin/make  -f CMakeFiles/cmTC_3fa75.dir/build.make CMakeFiles/cmTC_3fa75.dir/build
Building CXX object CMakeFiles/cmTC_3fa75.dir/src.cxx.o
/Applications/Xcode.app/Contents/Developer/Toolchains/XcodeDefault.xctoolchain/usr/bin/c++   -arch arm64 -isysroot /Applications/Xcode.app/Contents/Developer/Platforms/MacOSX.platform/Developer/SDKs/MacOSX26.5.sdk -mmacosx-version-min=14.4 -fPIE   -DCXXFLAG_-Wchar-subscripts_SUPPORTED -Wchar-subscripts -std=gnu++14 -MD -MT CMakeFiles/cmTC_3fa75.dir/src.cxx.o -MF CMakeFiles/cmTC_3fa75.dir/src.cxx.o.d -o CMakeFiles/cmTC_3fa75.dir/src.cxx.o -c /Users/sawyerchristensen/Documents/Prism/Vendor/.build/CMakeFiles/CMakeScratch/TryCompile-bKTFvk/src.cxx
In file included from <built-in>:531:
<command line>:1:17: warning: ISO C99 requires whitespace after the macro name [-Wc99-extensions]
    1 | #define CXXFLAG_-Wchar-subscripts_SUPPORTED 1
      |                 ^
1 warning generated.
Linking CXX executable cmTC_3fa75
/opt/homebrew/Cellar/cmake/3.25.2/bin/cmake -E cmake_link_script CMakeFiles/cmTC_3fa75.dir/link.txt --verbose=1
/Applications/Xcode.app/Contents/Developer/Toolchains/XcodeDefault.xctoolchain/usr/bin/c++  -arch arm64 -isysroot /Applications/Xcode.app/Contents/Developer/Platforms/MacOSX.platform/Developer/SDKs/MacOSX26.5.sdk -mmacosx-version-min=14.4 -Wl,-search_paths_first -Wl,-headerpad_max_install_names CMakeFiles/cmTC_3fa75.dir/src.cxx.o -o cmTC_3fa75 


Source file was:
int main() { return 0; }

Performing C++ SOURCE FILE Test CXXFLAG_-Wformat-security_SUPPORTED succeeded with the following output:
Change Dir: /Users/sawyerchristensen/Documents/Prism/Vendor/.build/CMakeFiles/CMakeScratch/TryCompile-eCu63q

Run Build Command(s):/usr/bin/make -f Makefile cmTC_ec2a8/fast && /Applications/Xcode.app/Contents/Developer/usr/bin/make  -f CMakeFiles/cmTC_ec2a8.dir/build.make CMakeFiles/cmTC_ec2a8.dir/build
Building CXX object CMakeFiles/cmTC_ec2a8.dir/src.cxx.o
/Applications/Xcode.app/Contents/Developer/Toolchains/XcodeDefault.xctoolchain/usr/bin/c++   -arch arm64 -isysroot /Applications/Xcode.app/Contents/Developer/Platforms/MacOSX.platform/Developer/SDKs/MacOSX26.5.sdk -mmacosx-version-min=14.4 -fPIE   -DCXXFLAG_-Wformat-security_SUPPORTED -Wformat-security -std=gnu++14 -MD -MT CMakeFiles/cmTC_ec2a8.dir/src.cxx.o -MF CMakeFiles/cmTC_ec2a8.dir/src.cxx.o.d -o CMakeFiles/cmTC_ec2a8.dir/src.cxx.o -c /Users/sawyerchristensen/Documents/Prism/Vendor/.build/CMakeFiles/CMakeScratch/TryCompile-eCu63q/src.cxx
In file included from <built-in>:531:
<command line>:1:17: warning: ISO C99 requires whitespace after the macro name [-Wc99-extensions]
    1 | #define CXXFLAG_-Wformat-security_SUPPORTED 1
      |                 ^
1 warning generated.
Linking CXX executable cmTC_ec2a8
/opt/homebrew/Cellar/cmake/3.25.2/bin/cmake -E cmake_link_script CMakeFiles/cmTC_ec2a8.dir/link.txt --verbose=1
/Applications/Xcode.app/Contents/Developer/Toolchains/XcodeDefault.xctoolchain/usr/bin/c++  -arch arm64 -isysroot /Applications/Xcode.app/Contents/Developer/Platforms/MacOSX.platform/Developer/SDKs/MacOSX26.5.sdk -mmacosx-version-min=14.4 -Wl,-search_paths_first -Wl,-headerpad_max_install_names CMakeFiles/cmTC_ec2a8.dir/src.cxx.o -o cmTC_ec2a8 


Source file was:
int main() { return 0; }

Performing C++ SOURCE FILE Test CXXFLAG_-Wpointer-arith_SUPPORTED succeeded with the following output:
Change Dir: /Users/sawyerchristensen/Documents/Prism/Vendor/.build/CMakeFiles/CMakeScratch/TryCompile-3jIP7j

Run Build Command(s):/usr/bin/make -f Makefile cmTC_34e63/fast && /Applications/Xcode.app/Contents/Developer/usr/bin/make  -f CMakeFiles/cmTC_34e63.dir/build.make CMakeFiles/cmTC_34e63.dir/build
Building CXX object CMakeFiles/cmTC_34e63.dir/src.cxx.o
/Applications/Xcode.app/Contents/Developer/Toolchains/XcodeDefault.xctoolchain/usr/bin/c++   -arch arm64 -isysroot /Applications/Xcode.app/Contents/Developer/Platforms/MacOSX.platform/Developer/SDKs/MacOSX26.5.sdk -mmacosx-version-min=14.4 -fPIE   -DCXXFLAG_-Wpointer-arith_SUPPORTED -Wpointer-arith -std=gnu++14 -MD -MT CMakeFiles/cmTC_34e63.dir/src.cxx.o -MF CMakeFiles/cmTC_34e63.dir/src.cxx.o.d -o CMakeFiles/cmTC_34e63.dir/src.cxx.o -c /Users/sawyerchristensen/Documents/Prism/Vendor/.build/CMakeFiles/CMakeScratch/TryCompile-3jIP7j/src.cxx
In file included from <built-in>:531:
<command line>:1:17: warning: ISO C99 requires whitespace after the macro name [-Wc99-extensions]
    1 | #define CXXFLAG_-Wpointer-arith_SUPPORTED 1
      |                 ^
1 warning generated.
Linking CXX executable cmTC_34e63
/opt/homebrew/Cellar/cmake/3.25.2/bin/cmake -E cmake_link_script CMakeFiles/cmTC_34e63.dir/link.txt --verbose=1
/Applications/Xcode.app/Contents/Developer/Toolchains/XcodeDefault.xctoolchain/usr/bin/c++  -arch arm64 -isysroot /Applications/Xcode.app/Contents/Developer/Platforms/MacOSX.platform/Developer/SDKs/MacOSX26.5.sdk -mmacosx-version-min=14.4 -Wl,-search_paths_first -Wl,-headerpad_max_install_names CMakeFiles/cmTC_34e63.dir/src.cxx.o -o cmTC_34e63 


Source file was:
int main() { return 0; }

Performing C++ SOURCE FILE Test CXXFLAG_-Wshadow_SUPPORTED succeeded with the following output:
Change Dir: /Users/sawyerchristensen/Documents/Prism/Vendor/.build/CMakeFiles/CMakeScratch/TryCompile-ONRWqg

Run Build Command(s):/usr/bin/make -f Makefile cmTC_2f318/fast && /Applications/Xcode.app/Contents/Developer/usr/bin/make  -f CMakeFiles/cmTC_2f318.dir/build.make CMakeFiles/cmTC_2f318.dir/build
Building CXX object CMakeFiles/cmTC_2f318.dir/src.cxx.o
/Applications/Xcode.app/Contents/Developer/Toolchains/XcodeDefault.xctoolchain/usr/bin/c++   -arch arm64 -isysroot /Applications/Xcode.app/Contents/Developer/Platforms/MacOSX.platform/Developer/SDKs/MacOSX26.5.sdk -mmacosx-version-min=14.4 -fPIE   -DCXXFLAG_-Wshadow_SUPPORTED -Wshadow -std=gnu++14 -MD -MT CMakeFiles/cmTC_2f318.dir/src.cxx.o -MF CMakeFiles/cmTC_2f318.dir/src.cxx.o.d -o CMakeFiles/cmTC_2f318.dir/src.cxx.o -c /Users/sawyerchristensen/Documents/Prism/Vendor/.build/CMakeFiles/CMakeScratch/TryCompile-ONRWqg/src.cxx
In file included from <built-in>:531:
<command line>:1:17: warning: ISO C99 requires whitespace after the macro name [-Wc99-extensions]
    1 | #define CXXFLAG_-Wshadow_SUPPORTED 1
      |                 ^
1 warning generated.
Linking CXX executable cmTC_2f318
/opt/homebrew/Cellar/cmake/3.25.2/bin/cmake -E cmake_link_script CMakeFiles/cmTC_2f318.dir/link.txt --verbose=1
/Applications/Xcode.app/Contents/Developer/Toolchains/XcodeDefault.xctoolchain/usr/bin/c++  -arch arm64 -isysroot /Applications/Xcode.app/Contents/Developer/Platforms/MacOSX.platform/Developer/SDKs/MacOSX26.5.sdk -mmacosx-version-min=14.4 -Wl,-search_paths_first -Wl,-headerpad_max_install_names CMakeFiles/cmTC_2f318.dir/src.cxx.o -o cmTC_2f318 


Source file was:
int main() { return 0; }

Performing C++ SOURCE FILE Test CXXFLAG_-Wsign-compare_SUPPORTED succeeded with the following output:
Change Dir: /Users/sawyerchristensen/Documents/Prism/Vendor/.build/CMakeFiles/CMakeScratch/TryCompile-PRmEZ2

Run Build Command(s):/usr/bin/make -f Makefile cmTC_cbe92/fast && /Applications/Xcode.app/Contents/Developer/usr/bin/make  -f CMakeFiles/cmTC_cbe92.dir/build.make CMakeFiles/cmTC_cbe92.dir/build
Building CXX object CMakeFiles/cmTC_cbe92.dir/src.cxx.o
/Applications/Xcode.app/Contents/Developer/Toolchains/XcodeDefault.xctoolchain/usr/bin/c++   -arch arm64 -isysroot /Applications/Xcode.app/Contents/Developer/Platforms/MacOSX.platform/Developer/SDKs/MacOSX26.5.sdk -mmacosx-version-min=14.4 -fPIE   -DCXXFLAG_-Wsign-compare_SUPPORTED -Wsign-compare -std=gnu++14 -MD -MT CMakeFiles/cmTC_cbe92.dir/src.cxx.o -MF CMakeFiles/cmTC_cbe92.dir/src.cxx.o.d -o CMakeFiles/cmTC_cbe92.dir/src.cxx.o -c /Users/sawyerchristensen/Documents/Prism/Vendor/.build/CMakeFiles/CMakeScratch/TryCompile-PRmEZ2/src.cxx
In file included from <built-in>:531:
<command line>:1:17: warning: ISO C99 requires whitespace after the macro name [-Wc99-extensions]
    1 | #define CXXFLAG_-Wsign-compare_SUPPORTED 1
      |                 ^
1 warning generated.
Linking CXX executable cmTC_cbe92
/opt/homebrew/Cellar/cmake/3.25.2/bin/cmake -E cmake_link_script CMakeFiles/cmTC_cbe92.dir/link.txt --verbose=1
/Applications/Xcode.app/Contents/Developer/Toolchains/XcodeDefault.xctoolchain/usr/bin/c++  -arch arm64 -isysroot /Applications/Xcode.app/Contents/Developer/Platforms/MacOSX.platform/Developer/SDKs/MacOSX26.5.sdk -mmacosx-version-min=14.4 -Wl,-search_paths_first -Wl,-headerpad_max_install_names CMakeFiles/cmTC_cbe92.dir/src.cxx.o -o cmTC_cbe92 


Source file was:
int main() { return 0; }

Performing C++ SOURCE FILE Test CXXFLAG_-Wtype-limits_SUPPORTED succeeded with the following output:
Change Dir: /Users/sawyerchristensen/Documents/Prism/Vendor/.build/CMakeFiles/CMakeScratch/TryCompile-T21R2z

Run Build Command(s):/usr/bin/make -f Makefile cmTC_60d69/fast && /Applications/Xcode.app/Contents/Developer/usr/bin/make  -f CMakeFiles/cmTC_60d69.dir/build.make CMakeFiles/cmTC_60d69.dir/build
Building CXX object CMakeFiles/cmTC_60d69.dir/src.cxx.o
/Applications/Xcode.app/Contents/Developer/Toolchains/XcodeDefault.xctoolchain/usr/bin/c++   -arch arm64 -isysroot /Applications/Xcode.app/Contents/Developer/Platforms/MacOSX.platform/Developer/SDKs/MacOSX26.5.sdk -mmacosx-version-min=14.4 -fPIE   -DCXXFLAG_-Wtype-limits_SUPPORTED -Wtype-limits -std=gnu++14 -MD -MT CMakeFiles/cmTC_60d69.dir/src.cxx.o -MF CMakeFiles/cmTC_60d69.dir/src.cxx.o.d -o CMakeFiles/cmTC_60d69.dir/src.cxx.o -c /Users/sawyerchristensen/Documents/Prism/Vendor/.build/CMakeFiles/CMakeScratch/TryCompile-T21R2z/src.cxx
In file included from <built-in>:531:
<command line>:1:17: warning: ISO C99 requires whitespace after the macro name [-Wc99-extensions]
    1 | #define CXXFLAG_-Wtype-limits_SUPPORTED 1
      |                 ^
1 warning generated.
Linking CXX executable cmTC_60d69
/opt/homebrew/Cellar/cmake/3.25.2/bin/cmake -E cmake_link_script CMakeFiles/cmTC_60d69.dir/link.txt --verbose=1
/Applications/Xcode.app/Contents/Developer/Toolchains/XcodeDefault.xctoolchain/usr/bin/c++  -arch arm64 -isysroot /Applications/Xcode.app/Contents/Developer/Platforms/MacOSX.platform/Developer/SDKs/MacOSX26.5.sdk -mmacosx-version-min=14.4 -Wl,-search_paths_first -Wl,-headerpad_max_install_names CMakeFiles/cmTC_60d69.dir/src.cxx.o -o cmTC_60d69 


Source file was:
int main() { return 0; }

Performing C++ SOURCE FILE Test STD_FILESYSTEM_EXISTS succeeded with the following output:
Change Dir: /Users/sawyerchristensen/Documents/Prism/Vendor/.build/CMakeFiles/CMakeScratch/TryCompile-HlsZgH

Run Build Command(s):/usr/bin/make -f Makefile cmTC_581ca/fast && /Applications/Xcode.app/Contents/Developer/usr/bin/make  -f CMakeFiles/cmTC_581ca.dir/build.make CMakeFiles/cmTC_581ca.dir/build
Building CXX object CMakeFiles/cmTC_581ca.dir/src.cxx.o
/Applications/Xcode.app/Contents/Developer/Toolchains/XcodeDefault.xctoolchain/usr/bin/c++ -DSTD_FILESYSTEM_EXISTS  -arch arm64 -isysroot /Applications/Xcode.app/Contents/Developer/Platforms/MacOSX.platform/Developer/SDKs/MacOSX26.5.sdk -mmacosx-version-min=14.4 -fPIE -std=gnu++17 -MD -MT CMakeFiles/cmTC_581ca.dir/src.cxx.o -MF CMakeFiles/cmTC_581ca.dir/src.cxx.o.d -o CMakeFiles/cmTC_581ca.dir/src.cxx.o -c /Users/sawyerchristensen/Documents/Prism/Vendor/.build/CMakeFiles/CMakeScratch/TryCompile-HlsZgH/src.cxx
Linking CXX executable cmTC_581ca
/opt/homebrew/Cellar/cmake/3.25.2/bin/cmake -E cmake_link_script CMakeFiles/cmTC_581ca.dir/link.txt --verbose=1
/Applications/Xcode.app/Contents/Developer/Toolchains/XcodeDefault.xctoolchain/usr/bin/c++  -arch arm64 -isysroot /Applications/Xcode.app/Contents/Developer/Platforms/MacOSX.platform/Developer/SDKs/MacOSX26.5.sdk -mmacosx-version-min=14.4 -Wl,-search_paths_first -Wl,-headerpad_max_install_names CMakeFiles/cmTC_581ca.dir/src.cxx.o -o cmTC_581ca 


Source file was:
#include <filesystem>
        int main(){
           std::filesystem::path p;
           return 0;
        }

Performing C++ SOURCE FILE Test COMPILER_HAS_HIDDEN_VISIBILITY succeeded with the following output:
Change Dir: /Users/sawyerchristensen/Documents/Prism/Vendor/.build/CMakeFiles/CMakeScratch/TryCompile-czu4m2

Run Build Command(s):/usr/bin/make -f Makefile cmTC_dc56e/fast && /Applications/Xcode.app/Contents/Developer/usr/bin/make  -f CMakeFiles/cmTC_dc56e.dir/build.make CMakeFiles/cmTC_dc56e.dir/build
Building CXX object CMakeFiles/cmTC_dc56e.dir/src.cxx.o
/Applications/Xcode.app/Contents/Developer/Toolchains/XcodeDefault.xctoolchain/usr/bin/c++ -DCOMPILER_HAS_HIDDEN_VISIBILITY  -arch arm64 -isysroot /Applications/Xcode.app/Contents/Developer/Platforms/MacOSX.platform/Developer/SDKs/MacOSX26.5.sdk -mmacosx-version-min=14.4 -fPIE   -fvisibility=hidden -std=gnu++17 -MD -MT CMakeFiles/cmTC_dc56e.dir/src.cxx.o -MF CMakeFiles/cmTC_dc56e.dir/src.cxx.o.d -o CMakeFiles/cmTC_dc56e.dir/src.cxx.o -c /Users/sawyerchristensen/Documents/Prism/Vendor/.build/CMakeFiles/CMakeScratch/TryCompile-czu4m2/src.cxx
Linking CXX executable cmTC_dc56e
/opt/homebrew/Cellar/cmake/3.25.2/bin/cmake -E cmake_link_script CMakeFiles/cmTC_dc56e.dir/link.txt --verbose=1
/Applications/Xcode.app/Contents/Developer/Toolchains/XcodeDefault.xctoolchain/usr/bin/c++  -arch arm64 -isysroot /Applications/Xcode.app/Contents/Developer/Platforms/MacOSX.platform/Developer/SDKs/MacOSX26.5.sdk -mmacosx-version-min=14.4 -Wl,-search_paths_first -Wl,-headerpad_max_install_names CMakeFiles/cmTC_dc56e.dir/src.cxx.o -o cmTC_dc56e 


Source file was:
int main() { return 0; }

Performing C++ SOURCE FILE Test COMPILER_HAS_HIDDEN_INLINE_VISIBILITY succeeded with the following output:
Change Dir: /Users/sawyerchristensen/Documents/Prism/Vendor/.build/CMakeFiles/CMakeScratch/TryCompile-ZAZCWV

Run Build Command(s):/usr/bin/make -f Makefile cmTC_405b2/fast && /Applications/Xcode.app/Contents/Developer/usr/bin/make  -f CMakeFiles/cmTC_405b2.dir/build.make CMakeFiles/cmTC_405b2.dir/build
Building CXX object CMakeFiles/cmTC_405b2.dir/src.cxx.o
/Applications/Xcode.app/Contents/Developer/Toolchains/XcodeDefault.xctoolchain/usr/bin/c++ -DCOMPILER_HAS_HIDDEN_INLINE_VISIBILITY  -arch arm64 -isysroot /Applications/Xcode.app/Contents/Developer/Platforms/MacOSX.platform/Developer/SDKs/MacOSX26.5.sdk -mmacosx-version-min=14.4 -fPIE   -fvisibility-inlines-hidden -std=gnu++17 -MD -MT CMakeFiles/cmTC_405b2.dir/src.cxx.o -MF CMakeFiles/cmTC_405b2.dir/src.cxx.o.d -o CMakeFiles/cmTC_405b2.dir/src.cxx.o -c /Users/sawyerchristensen/Documents/Prism/Vendor/.build/CMakeFiles/CMakeScratch/TryCompile-ZAZCWV/src.cxx
Linking CXX executable cmTC_405b2
/opt/homebrew/Cellar/cmake/3.25.2/bin/cmake -E cmake_link_script CMakeFiles/cmTC_405b2.dir/link.txt --verbose=1
/Applications/Xcode.app/Contents/Developer/Toolchains/XcodeDefault.xctoolchain/usr/bin/c++  -arch arm64 -isysroot /Applications/Xcode.app/Contents/Developer/Platforms/MacOSX.platform/Developer/SDKs/MacOSX26.5.sdk -mmacosx-version-min=14.4 -Wl,-search_paths_first -Wl,-headerpad_max_install_names CMakeFiles/cmTC_405b2.dir/src.cxx.o -o cmTC_405b2 


Source file was:
int main() { return 0; }

Performing C++ SOURCE FILE Test COMPILER_HAS_DEPRECATED_ATTR succeeded with the following output:
Change Dir: /Users/sawyerchristensen/Documents/Prism/Vendor/.build/CMakeFiles/CMakeScratch/TryCompile-0KhwH0

Run Build Command(s):/usr/bin/make -f Makefile cmTC_08dbb/fast && /Applications/Xcode.app/Contents/Developer/usr/bin/make  -f CMakeFiles/cmTC_08dbb.dir/build.make CMakeFiles/cmTC_08dbb.dir/build
Building CXX object CMakeFiles/cmTC_08dbb.dir/src.cxx.o
/Applications/Xcode.app/Contents/Developer/Toolchains/XcodeDefault.xctoolchain/usr/bin/c++ -DCOMPILER_HAS_DEPRECATED_ATTR  -arch arm64 -isysroot /Applications/Xcode.app/Contents/Developer/Platforms/MacOSX.platform/Developer/SDKs/MacOSX26.5.sdk -mmacosx-version-min=14.4 -fPIE -std=gnu++17 -MD -MT CMakeFiles/cmTC_08dbb.dir/src.cxx.o -MF CMakeFiles/cmTC_08dbb.dir/src.cxx.o.d -o CMakeFiles/cmTC_08dbb.dir/src.cxx.o -c /Users/sawyerchristensen/Documents/Prism/Vendor/.build/CMakeFiles/CMakeScratch/TryCompile-0KhwH0/src.cxx
/Users/sawyerchristensen/Documents/Prism/Vendor/.build/CMakeFiles/CMakeScratch/TryCompile-0KhwH0/src.cxx:2:25: warning: 'somefunc' is deprecated [-Wdeprecated-declarations]
    2 |     int main() { return somefunc();}
      |                         ^
/Users/sawyerchristensen/Documents/Prism/Vendor/.build/CMakeFiles/CMakeScratch/TryCompile-0KhwH0/src.cxx:1:16: note: 'somefunc' has been explicitly marked deprecated here
    1 | __attribute__((__deprecated__)) int somefunc() { return 0; }
      |                ^
1 warning generated.
Linking CXX executable cmTC_08dbb
/opt/homebrew/Cellar/cmake/3.25.2/bin/cmake -E cmake_link_script CMakeFiles/cmTC_08dbb.dir/link.txt --verbose=1
/Applications/Xcode.app/Contents/Developer/Toolchains/XcodeDefault.xctoolchain/usr/bin/c++  -arch arm64 -isysroot /Applications/Xcode.app/Contents/Developer/Platforms/MacOSX.platform/Developer/SDKs/MacOSX26.5.sdk -mmacosx-version-min=14.4 -Wl,-search_paths_first -Wl,-headerpad_max_install_names CMakeFiles/cmTC_08dbb.dir/src.cxx.o -o cmTC_08dbb 


Source file was:
__attribute__((__deprecated__)) int somefunc() { return 0; }
    int main() { return somefunc();}

